\BOOKMARK [0][]{chapter*.2}{\376\377\000L\000I\000S\000T\000A\000\040\000F\000I\000G\000U\000R\000I\000L\000O\000R}{}% 1
\BOOKMARK [0][]{chapter*.3}{\376\377\000L\000I\000S\000T\000A\000\040\000T\000A\000B\000E\000L\000E\000L\000O\000R}{}% 2
\BOOKMARK [0][]{chapter*.4}{\376\377\000L\000I\000S\000T\000A\000\040\000D\000E\000\040\000A\000C\000R\000O\000N\000I\000M\000E}{}% 3
\BOOKMARK [0][]{chapter*.5}{\376\377\000I\000N\000T\000R\000O\000D\000U\000C\000E\000R\000E}{}% 4
\BOOKMARK [1][]{section*.6}{\376\377\000C\000O\000N\000T\000E\000X\000T\000\040\000S\000I\000\040\000M\000O\000T\000I\000V\000A\000T\000I\000E}{chapter*.5}% 5
\BOOKMARK [1][]{section*.7}{\376\377\000S\000C\000O\000P\000U\000L\000\040\000S\000I\000\040\000O\000B\000I\000E\000C\000T\000I\000V\000E\000L\000E\000\040\000L\000U\000C\000R\000A\000R\000I\000I}{chapter*.5}% 6
\BOOKMARK [0][]{chapter.1}{\376\377\000L\000U\000C\000R\000A\000R\000I\000\040\000A\000N\000T\000E\000R\000I\000O\000A\000R\000E}{}% 7
\BOOKMARK [1][]{section.1.1}{\376\377\000D\000r\000u\000m\000u\000l\000\040\000c\000a\000t\000r\000e\000\040\000m\000o\000d\000e\000l\000e\000l\000e\000\040\000m\000a\000r\000i\000\040\000d\000e\000\040\000l\000i\000m\000b\000a\000j\000\040\000\050\000L\000L\000M\000\051}{chapter.1}% 8
\BOOKMARK [1][]{section.1.2}{\376\377\000M\000a\000t\000u\000r\000i\000z\000a\000r\000e\000a\000\040\000m\000o\000d\000e\000l\000e\000l\000o\000r\000\040\000m\000a\000r\000i\000\040\000d\000e\000\040\000l\000i\000m\000b\000a\000j\000\040\000s\000i\000\040\000c\000e\000r\000c\000e\000t\000a\000r\000i\000\040\000a\000c\000t\000u\000a\000l\000e}{chapter.1}% 9
\BOOKMARK [1][]{section.1.3}{\376\377\000S\000o\000l\000u\000t\000i\000i\000\040\000a\000g\000e\000n\000t\000i\000c\000e\000\040\000p\000e\000n\000t\000r\000u\000\040\000i\000n\000d\000u\000s\000t\000r\000i\000a\000\040\000d\000e\000z\000v\000o\000l\000t\000a\000r\000i\000i\000\040\000s\000o\000f\000t\000w\000a\000r\000e}{chapter.1}% 10
\BOOKMARK [1][]{section.1.4}{\376\377\000N\000e\000c\000e\000s\000i\000t\000a\000t\000i\000\040\000p\000e\000n\000t\000r\000u\000\040\000d\000e\000z\000v\000o\000l\000t\000a\000r\000e\000a\000\040\000u\000n\000e\000i\000\040\000s\000o\000l\000u\000t\000i\000i\000\040\000a\000g\000e\000n\000t\000i\000c\000e\000\040\000i\000n\000\040\000d\000o\000m\000e\000n\000i\000u\000l\000\040\000d\000e\000z\000v\000o\000l\000t\000a\000r\000i\000i\000\040\000s\000o\000f\000t\000w\000a\000r\000e}{chapter.1}% 11
\BOOKMARK [1][]{section.1.5}{\376\377\000P\000u\000n\000c\000t\000e\000\040\000s\000l\000a\000b\000e\000\040\000a\000l\000e\000\040\000a\000r\000h\000i\000t\000e\000c\000t\000u\000r\000i\000l\000o\000r\000\040\000a\000g\000e\000n\000t\000i\000c\000e}{chapter.1}% 12
\BOOKMARK [1][]{section.1.6}{\376\377\000A\000l\000e\000g\000e\000r\000e\000a\000\040\000s\000o\000l\000u\000t\000i\000e\000i\000\040\000d\000e\000\040\000i\000m\000p\000l\000e\000m\000e\000n\000t\000a\000r\000e\000\040\000p\000e\000\040\000b\000a\000z\000a\000\040\000l\000u\000c\000r\000a\000r\000i\000l\000o\000r\000\040\000s\000t\000u\000d\000i\000a\000t\000e\000\040\000s\000i\000\040\000a\000\040\000s\000t\000a\000n\000d\000a\000r\000d\000e\000l\000o\000r\000\040\000d\000i\000n\000\040\000i\000n\000d\000u\000s\000t\000r\000i\000e}{chapter.1}% 13
\BOOKMARK [0][]{chapter.2}{\376\377\000P\000L\000A\000S\000A\000R\000E\000A\000\040\000I\000N\000\040\000I\000N\000D\000U\000S\000T\000R\000I\000E}{}% 14
\BOOKMARK [1][]{section.2.1}{\376\377\000O\000p\000e\000n\000\040\000s\000o\000u\000r\000c\000e\000\040\000s\000o\000f\000t\000w\000a\000r\000e}{chapter.2}% 15
\BOOKMARK [1][]{section.2.2}{\376\377\000F\000l\000u\000x\000\040\000a\000g\000e\000n\000t\000i\000c\000\040\000c\000e\000\040\000r\000u\000l\000e\000a\000z\000a\000\040\000l\000o\000c\000a\000l}{chapter.2}% 16
\BOOKMARK [1][]{section.2.3}{\376\377\000O\000b\000s\000e\000r\000v\000a\000b\000i\000l\000i\000t\000y}{chapter.2}% 17
\BOOKMARK [1][]{section.2.4}{\376\377\000S\000e\000c\000u\000r\000i\000t\000a\000t\000e\000\040\000s\000i\000\040\000c\000o\000n\000f\000i\000d\000e\000n\000t\000i\000a\000l\000i\000t\000a\000t\000e}{chapter.2}% 18
\BOOKMARK [1][]{section.2.5}{\376\377\000C\000o\000s\000t}{chapter.2}% 19
\BOOKMARK [1][]{section.2.6}{\376\377\000A\000p\000l\000i\000c\000a\000t\000i\000i\000\040\000r\000i\000v\000a\000l\000e}{chapter.2}% 20
\BOOKMARK [1][]{section.2.7}{\376\377\000M\000e\000d\000i\000u\000l\000\040\000d\000e\000\040\000d\000e\000z\000v\000o\000l\000t\000a\000r\000e}{chapter.2}% 21
\BOOKMARK [2][]{subsection.2.7.1}{\376\377\000C\000e\000r\000i\000n\000t\000e\000\040\000h\000a\000r\000d\000w\000a\000r\000e}{section.2.7}% 22
\BOOKMARK [2][]{subsection.2.7.2}{\376\377\000C\000e\000r\000i\000n\000t\000e\000\040\000s\000o\000f\000t\000w\000a\000r\000e}{section.2.7}% 23
\BOOKMARK [1][]{section.2.8}{\376\377\000S\000t\000r\000u\000c\000t\000u\000r\000a}{chapter.2}% 24
\BOOKMARK [1][]{section.2.9}{\376\377\000C\000o\000n\000f\000i\000g\000u\000r\000a\000r\000e}{chapter.2}% 25
\BOOKMARK [1][]{section.2.10}{\376\377\000I\000n\000t\000e\000r\000f\000a\000t\000a\000\040\000c\000u\000\040\000u\000t\000i\000l\000i\000z\000a\000t\000o\000r\000u\000l\000\040\000s\000i\000\040\000i\000n\000s\000t\000r\000u\000c\000t\000i\000u\000n\000i\000\040\000d\000e\000\040\000u\000t\000i\000l\000i\000z\000a\000r\000e}{chapter.2}% 26
\BOOKMARK [1][]{section.2.11}{\376\377\000M\000a\000n\000a\000g\000e\000m\000e\000n\000t\000-\000u\000l\000\040\000c\000o\000n\000t\000e\000x\000t\000u\000l\000u\000i\000\040\000s\000i\000\040\000a\000l\000\040\000m\000e\000m\000o\000r\000i\000e\000i}{chapter.2}% 27
\BOOKMARK [2][]{subsection.2.11.1}{\376\377\000M\000e\000m\000o\000r\000i\000a}{section.2.11}% 28
\BOOKMARK [2][]{subsection.2.11.2}{\376\377\000C\000o\000n\000t\000e\000x\000t\000u\000l}{section.2.11}% 29
\BOOKMARK [1][]{section.2.12}{\376\377\000S\000u\000b\000a\000g\000e\000n\000t\000i\000,\000\040\000U\000n\000e\000l\000t\000e\000\040\000s\000i\000\040\000c\000a\000p\000a\000b\000i\000l\000i\000t\000a\000t\000i}{chapter.2}% 30
\BOOKMARK [2][]{subsection.2.12.1}{\376\377\000T\000o\000o\000l\000s}{section.2.12}% 31
\BOOKMARK [2][]{subsection.2.12.2}{\376\377\000S\000k\000i\000l\000l\000s}{section.2.12}% 32
\BOOKMARK [2][]{subsection.2.12.3}{\376\377\000S\000u\000b\000a\000g\000e\000n\000t\000s}{section.2.12}% 33
\BOOKMARK [1][]{section.2.13}{\376\377\000E\000x\000t\000e\000n\000s\000i\000b\000i\000l\000i\000t\000a\000t\000e}{chapter.2}% 34
\BOOKMARK [2][]{subsection.2.13.1}{\376\377\000M\000C\000P}{section.2.13}% 35
\BOOKMARK [2][]{subsection.2.13.2}{\376\377\000S\000u\000b\000a\000g\000e\000n\000t\000i\000\040\000s\000i\000\040\000a\000r\000h\000i\000t\000e\000c\000t\000u\000r\000a\000\040\000a\000g\000n\000o\000s\000t\000i\000c\000a\000\040\000d\000e\000\040\000f\000u\000r\000n\000i\000z\000o\000r\000i}{section.2.13}% 36
\BOOKMARK [1][]{section.2.14}{\376\377\000S\000e\000c\000u\000r\000i\000t\000a\000t\000e}{chapter.2}% 37
\BOOKMARK [2][]{subsection.2.14.1}{\376\377\000S\000a\000n\000d\000b\000o\000x\000i\000n\000g}{section.2.14}% 38
\BOOKMARK [2][]{subsection.2.14.2}{\376\377\000G\000u\000a\000r\000d\000r\000a\000i\000l\000s\000,\000\040\000O\000O\000S\000\040\000a\000n\000d\000\040\000d\000a\000n\000g\000e\000r\000o\000u\000s\000\040\000i\000n\000t\000e\000n\000t}{section.2.14}% 39
\BOOKMARK [2][]{subsection.2.14.3}{\376\377\000T\000o\000o\000l\000\040\000e\000x\000e\000c\000u\000t\000i\000o\000n\000\040\000o\000r\000d\000e\000r\000\040\000a\000n\000d\000\040\000l\000o\000g\000i\000c}{section.2.14}% 40
\BOOKMARK [1][]{section.2.15}{\376\377\000O\000b\000s\000e\000r\000v\000a\000b\000i\000l\000i\000t\000a\000t\000e}{chapter.2}% 41
\BOOKMARK [2][]{subsection.2.15.1}{\376\377\000L\000a\000n\000g\000f\000u\000s\000e}{section.2.15}% 42
\BOOKMARK [2][]{subsection.2.15.2}{\376\377\000P\000a\000n\000o\000u\000\040\000w\000e\000b}{section.2.15}% 43
\BOOKMARK [0][]{chapter.3}{\376\377\000R\000E\000Z\000U\000L\000T\000A\000T\000E\000\040\000E\000X\000P\000E\000R\000I\000M\000E\000N\000T\000A\000L\000E}{}% 44
\BOOKMARK [1][]{section.3.1}{\376\377\000E\000x\000p\000e\000r\000i\000m\000e\000n\000t\000e\000,\000\040\000e\000v\000a\000l\000s\000\040\000s\000i\000\040\000b\000e\000n\000c\000h\000m\000a\000r\000k\000i\000n\000g}{chapter.3}% 45
\BOOKMARK [1][]{section.3.2}{\376\377\000C\000o\000n\000t\000e\000x\000t\000u\000l\000\040\000i\000n\000\040\000m\000e\000d\000i\000u\000l\000\040\000a\000g\000e\000n\000t\000i\000c}{chapter.3}% 46
\BOOKMARK [1][]{section.3.3}{\376\377\000M\000o\000d\000e\000l\000e\000\040\000v\000s\000\040\000c\000o\000n\000t\000e\000x\000t\000\040\000s\000i\000\040\000u\000n\000e\000l\000t\000e}{chapter.3}% 47
\BOOKMARK [0][]{chapter.4}{\376\377\000C\000O\000N\000C\000L\000U\000Z\000I\000I}{}% 48
\BOOKMARK [0][]{chapter.5}{\376\377\000I\000M\000B\000U\000N\000A\000T\000A\000T\000I\000R\000I\000\040\000V\000I\000I\000T\000O\000A\000R\000E}{}% 49
\BOOKMARK [1][]{section.5.1}{\376\377\000A\000u\000t\000o\000m\000a\000t\000i\000z\000a\000r\000i\000,\000\040\000i\000n\000t\000e\000g\000r\000a\000r\000i\000\040\000c\000u\000\040\000a\000l\000t\000e\000\040\000p\000r\000o\000g\000r\000a\000m\000e}{chapter.5}% 50
\BOOKMARK [0][]{chapter*.47}{\376\377\000B\000I\000B\000L\000I\000O\000G\000R\000A\000F\000I\000E}{}% 51
